<html>
<body>
<pre>
<h1>µVision Build Log</h1>
<h2>Tool Versions:</h2>
IDE-Version: µVision V5.22.0.0
Copyright (C) 2016 ARM Ltd and ARM Germany GmbH. All rights reserved.
License Information: we we, we, LIC=8MZAR-KRIT2-PGF7L-0NAIG-9UMXC-S74JC
 
Tool Versions:
Toolchain:       MDK-ARM Professional  Version: 5.22
Toolchain Path:  C:\Keil_v5_1\ARM\ARMCC\Bin
C Compiler:      Armcc.exe V5.06 update 4 (build 422)
Assembler:       Armasm.exe V5.06 update 4 (build 422)
Linker/Locator:  ArmLink.exe V5.06 update 4 (build 422)
Library Manager: ArmAr.exe V5.06 update 4 (build 422)
Hex Converter:   FromElf.exe V5.06 update 4 (build 422)
CPU DLL:         SARMCM3.DLL V5.22
Dialog DLL:      DARMCM1.DLL V1.15.0.0
Target DLL:      Segger\JL2CM3.dll V2.99.23.0
Dialog DLL:      TARMCM1.DLL V1.11.0.0
 
<h2>Project:</h2>
D:\programlar\RF Coklu proje\RF Yan Kart\firmware\MDK-ARM\Template.uvprojx
Project File Date:  09/29/2017

<h2>Output:</h2>
*** Using Compiler 'V5.06 update 4 (build 422)', folder: 'C:\Keil_v5_1\ARM\ARMCC\Bin'
Build target 'Target 1'
compiling stm32f0xx_it.c...
..\stm32f0xx_it.c(161): warning:  #188-D: enumerated type mixed with another type
  		GPIO_WriteBit(
PIOB,
PIO_Pin_3,!bitval);
..\stm32f0xx_it.c: 1 warning, 0 errors
compiling main.c...
..\main.c(63): warning:  #177-D: variable "bitval"  was declared but never referenced
  	int8_t bitval=0;
..\main.c(229): warning:  #177-D: variable "sayac11"  was declared but never referenced
  		uint8_t sayac11=0;
..\main.c: 2 warnings, 0 errors
linking...
Program Size: Code=5488 RO-data=292 RW-data=40 ZI-data=2000  
FromELF: creating hex file...
".\Objects\Template.axf" - 0 Error(s), 3 Warning(s).

<h2>Collection of Component include folders:</h2>
  D:\programlar\RF Coklu proje\RF Yan Kart\firmware\MDK-ARM\RTE\_Target_1
  C:\Keil_v5_1\ARM\PACK\Keil\STM32F0xx_DFP\1.5.0\Device\Include

<h2>Collection of Component Files used:</h2>
Build Time Elapsed:  00:00:02
</pre>
</body>
</html>
